42 24
0 0 0 0 0 0 0 0 0 0 0 0 0 0 0 0 0 0 0 0 0 0 0 0 0 0 0 0 0 0 0 0 0 0 0 0 0 0 0 0 0 
0 0 0 0 0 0 0 0 0 0 0 0 0 0 0 0 0 0 0 0 0 0 0 0 0 0 0 0 0 0 0 0 0 0 0 0 0 0 0 0 0 
0 0 0 0 0 0 0 0 0 0 0 0 0 0 0 0 0 0 0 0 0 0 0 0 0 0 0 0 0 0 0 0 0 0 0 0 0 0 0 0 0 
0 0 0 0 0 0 0 0 0 0 0 0 0 0 0 0 0 0 0 0 0 0 0 0 0 0 0 0 0 0 0 0 0 0 0 0 0 0 0 0 0 
0 0 0 0 0 0 0 0 0 0 0 0 0 0 0 0 0 0 0 0 0 0 0 0 0 0 0 0 0 0 0 0 0 0 0 0 0 0 0 0 0 
0 0 0 0 0 0 0 0 0 0 0 0 0 0 0 0 0 0 0 0 0 0 0 0 0 0 0 0 0 0 0 0 0 0 0 0 0 0 0 0 0 
0 0 0 0 0 0 0 0 0 0 0 0 0 0 0 0 0 0 0 0 0 0 0 0 0 0 0 0 0 0 0 0 0 0 0 0 0 0 0 0 0 
0 0 0 0 0 0 0 0 0 0 0 0 0 0 0 0 0 0 0 0 0 0 0 0 0 0 0 0 0 0 0 0 0 0 0 0 0 0 0 0 0 
0 0 0 0 0 0 0 0 0 0 0 0 0 0 0 0 0 0 0 0 0 0 0 0 0 0 0 0 0 0 0 0 0 0 0 0 0 0 0 0 0 
0 0 0 0 0 0 0 0 0 0 0 0 0 0 0 0 0 0 0 0 0 0 0 0 0 0 0 0 0 0 0 0 0 0 0 0 0 0 0 0 0 
0 0 0 0 0 0 0 0 0 0 0 0 0 0 0 0 0 0 0 0 0 0 0 0 0 0 0 0 0 0 0 0 0 0 0 0 0 0 0 0 0 
0 0 0 0 0 0 0 0 0 0 0 0 0 0 0 0 0 0 0 0 0 0 0 0 0 0 0 0 0 0 0 0 0 0 0 0 0 0 0 0 0 
0 0 0 0 0 0 0 0 0 0 0 0 0 0 0 0 0 0 0 0 0 0 0 0 0 0 0 0 0 0 0 0 0 0 0 0 0 0 0 0 0 
0 0 0 0 0 0 0 0 0 0 0 0 0 0 0 0 0 0 0 0 0 0 0 0 0 0 0 0 0 0 0 0 0 0 0 0 0 0 0 0 0 
0 0 0 0 0 0 0 0 0 0 0 0 0 0 0 0 0 0 0 0 0 0 0 0 0 0 0 0 0 0 0 0 0 0 0 0 0 0 0 0 0  
0 0 0 0 0 0 0 0 0 0 0 0 0 0 0 0 0 0 0 0 0 0 0 0 0 0 0 0 0 0 0 0 0 0 0 0 0 0 0 0 0 
0 0 0 0 0 0 0 0 0 0 0 0 0 0 0 0 0 0 0 0 0 0 0 0 0 0 0 0 0 0 0 0 0 0 0 0 0 0 0 0 0 
0 0 0 0 0 0 0 0 0 0 0 0 0 0 0 0 0 0 0 0 0 0 0 0 0 0 0 0 0 0 0 0 0 0 0 0 0 0 0 0 0 
0 0 0 0 0 0 0 0 0 0 0 0 0 0 0 0 0 0 0 0 0 0 0 0 0 0 0 0 0 0 0 0 0 0 0 0 0 0 0 0 0 
0 0 0 0 0 0 0 0 0 0 0 0 0 0 0 0 0 0 0 0 0 0 0 0 0 0 0 0 0 0 0 0 0 0 0 0 0 0 0 0 0 
1 2 2 2 2 6 0 0 0 0 1 2 2 2 2 6 0 0 0 0 0 0 0 0 0 0 0 0 0 0 0 0 0 0 0 0 0 0 0 0 0 
17 18 18 18 18 19 0 0 0 0 17 18 18 18 18 19 0 0 0 0 0 0 0 0 0 0 0 0 0 0 0 0 0 0 0 0 0 0 0 0 0 0
33 34 34 34 34 35 0 0 0 0 33 34 34 34 34 35 0 0 0 0 0 0 0 0 0 0 0 0 0 0 0 0 0 0 0 0 0 0 0 0 





g g g g g g g g g g g g g g g g g g g g g g g g g g g g g g g g g g g g g g g g g g
g g g g g g g g g g g g g g g g g g g g g g g g g g g g g g g g g g g g g g g g g g
g g g g g g g g g g g g g g g g g g g g g g g g g g g g g g g g g g g g g g g g g g
g g g g g g g g g g g g g g g g g g g g g g g g g g g g g g g g g g g g g g g g g g
g g g g g g g g g g g g g g g g g g g g g g g g g g g g g g g g g g g g g g g g g g
g g g g g g g g g g g g g g g g g g g g g g g g g g g g g g g g g g g g g g g g g g
g g g g g g g g g g g g g g g g g g g g g g g g g g g g g g g g g g g g g g g g g g
g g g g g g g g g g g g g g g g g g g g g g g g g g g g g g g g g g g g g g g g g g
g g g g g g g g g g g g g g g g g g g g g g g g g g g g g g g g g g g g g g g g g g
g g g g g g g g g g g g g g g g g g g g g g g g g g g g g g g g g g g g g g g g g g
g g g g g g g g g g g g g g g g g g g g g g g g g g g g g g g g g g g g g g g g g g
g g g g g g g g g g g g g g g g g g g g g g g g g g g g g g g g g g g g g g g g g g
g g g g g g g g g g g g g g g g g g g g g g g g g g g g g g g g g g g g g g g g g g
g g g g g g g g g g g g g g g g g g g g g g g g g g g g g g g g g g g g g g g g g g
g g g g g g g g g g g g g g g g g g g g g g g g g g g g g g g g g g g g g g g g g g 
g g g g g g g g g g g g g g g g g g g g g g g g g g g g g g g g g g g g g g g g g g 
g g g g g g g g g g g g g g g g g g g g g g g g g g g g g g g g g g g g g g g g g g 
g g g g g g g g g g g g g g g g g g g g g g g g g g g g g g g g g g g g g g g g g g 
g g g g g g g g g g g g g g g g g g g g g g g g g g g g g g g g g g g g g g g g g g 
g g g g g g g g g g g g g g g g g g g g g g g g g g g g g g g g g g g g g g g g g g 
g g g g g g g g g g g g g g g g g g g g g g g g g g g g g g g g g g g g g g g g g g 
g g g g g g g g g g g g g g g g g g g g g g g g g g g g g g g g g g g g g g g g g g 
g g g g g g g g g g g g g g g g g g g g g g g g g g g g g g g g g g g g g g g g g g 
g g g g g g g g g g g g g g g g g g g g g g g g g g g g g g g g g g g g g g g g g g 
g g g g g g g g g g g g g g g g g g g g g g g g g g g g g g g g g g g g g g g g g g 
  